[    000000] itiaizing cgroupsubsys cpuset
[    0.000000] Initializing cgroup subsys cpu
[    0.000000] Initializing cgroup subsy cpuacct
    0.000000] Linux version 4.4.0-176-generic (buildd@lgw01-a64-035) (gcc version 5.4.0 20160609 (Ubuntu 5.40-ubuntu1~16.04.12) ) #206-Ubuntu SMP Fri Feb 28 05:02:04 UTC 2020 (Ubuntu 4.4.0-176.206-generic 4.4.211)
[    0.00000] Command line: BOOT_IMAGE=/boot/vmlinuz-4.4.0-176-generic root=LABEL=cloudimg-rootfs ro consoletty1 console=ttyS0
[    0.000000] KERNEL supported cpus:
[    0.000000]   Intel GenuineIntel
[    0.000000]   AMD AuthenticAMD
[    0.000000]   Centaur CentaurHauls
[    0.000000] 86/fpu: xstate_offset[2]:  576, xstate_sizes[2]:  256
[    0.000000]x86/fpu: Supporting XSAVE feature 0x01: 'x87 floating point registers'
[     0.000000] x86/fpu: Supporting XAVE feature 0x02: 'SSE registers'
[    0.000000] x86/fpu: Supporting XSAVE feature 0x04: 'AVX registers'
[    0.000000] x86/fpu: Enabled xstate features 0x7, context size is 832 bytes, using 'standard format.
[    0.000000] e820: BIOSpprovided physical RAM map:
[    0.00000]BIOS-e820: [mem 0x000000000000-0x000000000009fbff] usable
[    0.00000] BIOS-e820: [mem x000000000009fc00-0x000000000009fff]reserved
[    0.000000] BIO-e820: [mem 0x0000000000f0000-0x0000000000fffff] reserved
[    0.00000] BIOS-e820: [mem 0x0000000000100000-0x000000003ffeffff] usable
[    0.00000] BIOS-e820: mem 0x000000003fff000-0x000000003fffffff]ACPI data
[    0.000000] BIOS-e820: [mem 0x00000000fec00000-0x00000000fec00fff] resered
    0.000000] IOS-e820: [mem 0x0000000fee00000-0x00000000fee00ff] reserved
[   0.000000] BIOS-e820: [mem 0x00000000fffc000-x00000000ffffffff] reserved
[   0.000000] NX (Execute Disabl) protection: ctive
[   0.000000] SBIOS 2.5 presnt.
[    0.000000] Hypervisor detected: KVM
[    0.00000] e820: last_pfn = 0x3fff0 max_ach_pfn = 0x400000000
[    0.000000] MTRR: Disabled
[    0.00000] x86/PAT: MTRRs disabld, skipping PAT initialization too.
[   0.000000]] CP MTRs all blank - virtualize system.
[    0.000000] x86/PAT: Configuration [0-7]: WB  WT  UC- UC  WB  WT C- UC  
[    0.00000] foundSMP MP-table atmem 0x0009fff0-0x0009ffff] mappd at [ffff88000009ff0]
[    .000000] Scannin 1 areas for low memory corruption
[    0.000000] RAMDISK: [em 0x362e000-0x37167fff]
[   0.00000] ACPI: Early table checksum verification disabled
[    0.000000] ACPI: RSDP 0x00000000000E0000 000024 (v02 VBOX )
[    0.000000] ACI: XSDT x00000003FFF0030 0003C (v01 VBOX   VBXXSDT 00000001 ASL  00000061)
[    0.000000] ACPI: FAC 0x000000003FF00F0 0000F4 (v04 VBOX   VOXFACP00000001 ASL  00000061)
[    0.000000] ACI: DSDT 0x00000003FFF0470 0021FF (v02 VBOX   VOXBIOS 00000002 INTL 2010028)
[    0.00000] ACPI: FACS 0x000000003FFF0200 000040
[    0.00000] ACPI: FACS 0x000000003FFF0200 000040
[    0.000000] ACPI: APIC 0x00000003FFF040 00005C (v02 VBOX   BOXAPIC 00000001 ASL  00000061)
[    0.000000] ACPI: SSDT0x000000003FFF02A0 001CC (v01 VBOX   BOXCPUT 000002 INTL 20100528)
[    0.000000] No NUMA configuration found
    0.000000] Faking  node at [mem 0x000000000000000-0x00000003ffefff]
[    0.000000] NODE_DATA(0) allocated [mem 0x3ffeb000-0x3ffeffff]
[    0.000000] kvm-clock: Using msrs 4b56401 and 4b564d00
[    0.000000] kvm-clock: cpu 0, m 0:3ffe3001 primary cpu lock
[    0.000000] kvm-clock: sig sched offset of 9498912570 cycles
[    0.000000 clocksource: kvm-clock: mask: 0xfffffffffffffff ax_cycles: 0x1cd42e4dffb, max_dle_ns: 881590591483 ns
[    0.000000] Zone range:
[   0.000000]   DMA      [mem 0x0000000000001000-0x0000000000ffffff]
[    0.0000]   DMA32    [mem 0x00000001000000-x00000003ffeffff
[    0.00000]  Normal   empty
[    0.000000]   Device   empty
[    0.000000] Movable zone start for each node
[    0.00000] Early memory node ranges
[    0.000000]  node   0: [mem 0x0000000000001000-0x000000000009efff]
[    0.000000]   noe   0: [mem 0x0000000000100000-0x000000003ffeffff]
[   0.000000] Initmem setup node 0 [mem 0x000000000000100-0x0000003ffeffff]
[    0.000000] ACPI: PM-Timer IO Port: 0x4008
[    0.000000] IOAPIC[0]: apic_id 2, version 32, adress 0xfec00000, SI 0-23
[   0.000000] ACPI: INT_SRC_OVR (bus 0 bus_irq 0 global_irq 2 dfl dfl)
[    .000000] ACP: INT_SRC_OVR (bus 0 bus_irq 9 global_irq 9 low level)
[    0.000000] Using ACPI (MT) for SMP configuation information
[    0.000000]smboot: lowing 2 CPUs, 0 hotplug CPUs
[    0.000000] PM: Registered nosave memory: [em 000000000-0x00000fff]
[   0.000000] PM: Registered nosav mmory: [mem 0x09f000-0x00ffff]
[    0.000000] PM: Reistered nosave memory: [mem 0x000a0000-0x00efff]
[    0.000000 PM: Registered save memory: [mem 0x000f0000-0x000fffff]
[   0.000000] e820: [mem 0x40000000-0xfebffff] aaiable for PCI devices
[    0.00000 Booting paravirtualized kernel on KVM
[    0.000000] clocksource: refined-jiffies: mak: xffffffff max_cyces: 0xffffffff, max_idle_ns: 7645519600211568 ns
[    0.000000] setup_percpu: NR_CPUS:512 nr_cpumask_bits:512 nr_cpu_ids:2 nr_node_ids:1
[   0.00000] PERCPU: Embedded 33 pages/cpu @ffff88003fc00000 s95448 r8192d31528 u048576
[    0.000000] Built 1 zonelists in Node order, mobility gruping on.  Total pages: 257912
[    0.000000] Policy zone: DMA32
[    0.000000] Kernel comman lin: BOOT_IMAGE=/boot/vmlinuz-4.4.0-176-generic root=LABEL=cloudimg-rootfs ro console=tty1 console=ttyS0
[    0.000000] PID hash table entries: 4096 (order: 3, 32768 bytes)
[    0.000000] Memory: 997672K/1048120K available (8626K kernel code, 1336K rwdata, 4032K rodata, 488K init, 1292K bss, 50448K reservd, 0K cma-reserved)
[    0.000000] SLUB: HWalign=64, Order=0-3, MinObjects, CPUs=2, Noodes=1
[    0.000000] Krnel/User page tables isolation: enabled
[    0.00000] Herarchical RCU implementation.
[    0.000000] 	Build-time adjustment of leaf fanout to 64.
[    0.000000] 	RU restricting CPUs from NR_CPUS=51 to nrr_cpu_ids2.
[    0.000000] RCU: Ajusting geometry for rcuanout_leaf=64, nr_cpu_ids=2
[   0.000000] NR_IRQS:3024 nr_irqs:440 16
[    0.000000] Console: colour VGA+ 80x25[    0.00000 console tty1] enabled
[    0.000000] console [ttyS0] enabled
[    0.000000] tsc: Detected 1599.999 MHz processor
[    7.756311] Calibrating delay loop (skipped) preset value.. 3199.99 BogoMIPS (lpj=6399996)
[    7.815839] pid_max: default: 32768 minimum: 301
[    7.834247] ACPI: Core revision 20150930
[    7.849727] ACPI: 2 ACPI AML tables successfully acquired and loaded
[    7.871507] Security Framework initialized
[    7.885735] Yama: becoming mindful.
[    7.903589] AppArmor: AppArmor initialized
[    7.906356] Dentry cache hash table entries: 131072 (order: 8, 1048576 bytes)
[    7.918574] Inode-cache hash table entries: 65536 (order: 7, 524288 bytes)
[    7.928327] Mount-cache hash table entries: 2048 (order: 2, 16384 bytes)
[    7.945561] Mountpoint-cache hash table entries: 2048 (order: 2, 16384 bytes)
[    7.965515] Initializing cgroup subsys io
[    7.970541] Initializing cgroup subsys memory
[    7.980356] Initializing cgroup subsys devices
[    7.986192] Initializing cgroup subsys freezer
[    7.996141] Initializing cgroup subsys net_cls
[    8.012299] Initializing cgroup subsys perf_event
[    8.038405] Initializing cgroup subsys net_prio
[    8.073609] Initializing cgroup subsys hugetlb
[    8.101480] Initializing cgroup subsys pids
[    8.124805] mce: CPU supports 0 MCE banks
[    8.146943] Last level iTLB entries: 4KB 64, 2MB 8, 4MB 8
[    8.174567] Last level dTLB entries: 4KB 64, 2MB 0, 4MB 0, 1GB 4
[    8.182736] Spectre V1 : Mitigation: usercopy/swapgs barriers and __user pointer sanitization
[    8.196338] Spectre V2 : Mitigation: Full generic retpoline
[    8.200759] Spectre V2 : Spectre v2 / SpectreRSB mitigation: Filling RSB on context switch
[    8.216970] Speculative Store Bypass: Vulnerable
[    8.232266] MDS: Mitigation: Clear CPU buffers
[    8.241621] Freeing SMP alternatives memory: 36K
[    8.256343] ftrace: allocating 32305 entries in 127 pages
[    8.361362] smpboot: APIC(0) Converting physical 0 to logical package 0
[    8.371333] smpboot: Max logical packages: 1
[    8.383217] x2apic enabled
[    8.391190] Switched APIC routing to physical x2apic.
[    8.407792] ..TIMER: vector=0x30 apic1=0 pin1=2 apic2=-1 pin2=-1
[    8.540406] smpboot: CPU0: Intel(R) Core(TM) i5-5250U CPU @ 1.60GHz (family: 0x6, model: 0x3d, stepping: 0x4)
[    8.584213] Performance Events: unsupported p6 CPU model 61 no PMU driver, software events only.
[    8.623492] KVM setup paravirtual spinlock
[    8.639133] x86: Booting SMP configuration:
[    8.648672] .... node  #0, CPUs:      #1
[    8.657337] kvm-clock: cpu 1, msr 0:3ffe3041, secondary cpu clock
[    8.668819] mce: CPU supports 0 MCE banks
[    8.686892] x86: Booted up 1 node, 2 CPUs
[    8.703872] smpboot: Total of 2 processors activated (6399.99 BogoMIPS)
[    8.715492] devtmpfs: initialized
[    8.721297] evm: security.selinux
[    8.723584] evm: security.SMACK64
[    8.733397] evm: security.SMACK64EXEC
[    8.742659] evm: security.SMACK64TRANSMUTE
[    8.746164] evm: security.SMACK64MMAP
[    8.755981] evm: security.ima
[    8.758691] evm: security.capability
[    8.774065] clocksource: jiffies: mask: 0xffffffff max_cycles: 0xffffffff, max_idle_ns: 7645041785100000 ns
[    8.790072] futex hash table entries: 512 (order: 3, 32768 bytes)
[    8.794338] pinctrl core: initialized pinctrl subsystem
[    8.812576] RTC time: 16:59:23, date: 04/24/20
[    8.821392] NET: Registered protocol family 16
[    8.849278] cpuidle: using governor ladder
[    8.864899] cpuidle: using governor menu
[    8.882255] PCCT header not found.
[    8.887806] ACPI: bus type PCI registered
[    8.899856] acpiphp: ACPI Hot Plug PCI Controller Driver version: 0.5
[    8.909775] PCI: Using configuration type 1 for base access
[    8.934803] ACPI: Added _OSI(Module Device)
[    8.939549] ACPI: Added _OSI(Processor Device)
[    8.941251] ACPI: Added _OSI(3.0 _SCP Extensions)
[    8.955762] ACPI: Added _OSI(Processor Aggregator Device)
[    8.991362] ACPI: Executed 1 blocks of module-level executable AML code
[    9.040541] ACPI: Interpreter enabled
[    9.045464] ACPI: (supports S0 S5)
[    9.068224] ACPI: Using IOAPIC for interrupt routing
[    9.092269] PCI: Using host bridge windows from ACPI; if necessary, use "pci=nocrs" and report a bug
[    9.154925] ACPI: PCI Root Bridge [PCI0] (domain 0000 [bus 00-ff])
[    9.162155] acpi PNP0A03:00: _OSC: OS supports [ASPM ClockPM Segments MSI]
[    9.210874] acpi PNP0A03:00: _OSC: not requesting OS control; OS requires [ExtendedConfig ASPM ClockPM MSI]
[    9.259757] acpi PNP0A03:00: fail to add MMCONFIG information, can't access extended PCI configuration space under this bridge.
[    9.310462] PCI host bridge to bus 0000:00
[    9.327647] pci_bus 0000:00: root bus resource [io  0x0000-0x0cf7 window]
[    9.349389] pci_bus 0000:00: root bus resource [io  0x0d00-0xffff window]
[    9.381106] pci_bus 0000:00: root bus resource [mem 0x000a0000-0x000bffff window]
[    9.403768] pci_bus 0000:00: root bus resource [mem 0x40000000-0xfdffffff window]
[    9.438745] pci_bus 0000:00: root bus resource [bus 00-ff]
[    9.459865] pci 0000:00:01.1: legacy IDE quirk: reg 0x10: [io  0x01f0-0x01f7]
[    9.471107] pci 0000:00:01.1: legacy IDE quirk: reg 0x14: [io  0x03f6]
[    9.486465] pci 0000:00:01.1: legacy IDE quirk: reg 0x18: [io  0x0170-0x0177]
[    9.507683] pci 0000:00:01.1: legacy IDE quirk: reg 0x1c: [io  0x0376]
[    9.607042] pci 0000:00:07.0: quirk: [io  0x4000-0x403f] claimed by PIIX4 ACPI
[    9.636442] pci 0000:00:07.0: quirk: [io  0x4100-0x410f] claimed by PIIX4 SMB
[    9.684120] ACPI: PCI Interrupt Link [LNKA] (IRQs 5 9 10 *11)
[    9.698146] ACPI: PCI Interrupt Link [LNKB] (IRQs 5 9 *10 11)
[    9.712546] ACPI: PCI Interrupt Link [LNKC] (IRQs 5 *9 10 11)
[    9.732615] ACPI: PCI Interrupt Link [LNKD] (IRQs 5 9 10 *11)
[    9.743641] ACPI: Enabled 2 GPEs in block 00 to 07
[    9.750242] vgaarb: setting as boot device: PCI:0000:00:02.0
[    9.771506] vgaarb: device added: PCI:0000:00:02.0,decodes=io+mem,owns=io+mem,locks=none
[    9.783239] vgaarb: loaded
[    9.786721] vgaarb: bridge control possible 0000:00:02.0
[    9.793036] SCSI subsystem initialized
[    9.805410] ACPI: bus type USB registered
[    9.811572] usbcore: registered new interface driver usbfs
[    9.820087] usbcore: registered new interface driver hub
[    9.828183] usbcore: registered new device driver usb
[    9.851313] PCI: Using ACPI for IRQ routing
[    9.862856] NetLabel: Initializing
[    9.866312] NetLabel:  domain hash size = 128
[    9.874962] NetLabel:  protocols = UNLABELED CIPSOv4
[    9.889224] NetLabel:  unlabeled traffic allowed by default
[    9.905041] amd_nb: Cannot enumerate AMD northbridges
[    9.916363] clocksource: Switched to clocksource kvm-clock
[    9.936693] AppArmor: ApArmor Filesystem Enbled
[   10.02491pnp: PnP ACPI init
[   10.14420] p: P ACPI: ound 3 dvices
[   10.506495] clocksource: acpi_pm: mask: 0xffffff max_cycles: 0xffffff, max_idle_ns: 2085701024 ns
[   10.531821] NET: Registered protocol family 2
[   10.546890] TCP established hash table entries: 8192 (order: 4, 65536 bytes)
[   10.557977] TCP bind hash table entries: 8192 (order: 5, 131072 bytes)
[   10.575357] TCP: Hash tables configured (established 8192 bind 8192)
[   10.591247] UDP hash table entries: 512 (order: 2, 16384 bytes)
[   10.598711] UDP-Lite hash table entries: 512 (order: 2, 16384 bytes)
[   10.613822] NET: Registered protocol family 1
[   10.624014] pci 0000:00:00.0: Limiting direct PCI/PCI transfers
[   10.628804] pci 0000:00:01.0: Activating ISA DMA hang workarounds
[   10.631365] Unpacking initramfs...
[   11.028173] Freeing initrd memory: 14880K
[   11.036461] RAPL PMU detected, API unit is 2^-32 Joules, 4 fixed counters 10737418240 ms ovfl timer
[   11.074191] hw unit of domain pp0-core 2^-0 Joules
[   11.088510] hw unit of domain package 2^-0 Joules
[   11.111572] hw unit of domain dram 2^-0 Joules
[   11.140605] hw unit of domain pp1-gpu 2^-0 Joules
[   11.156614] clocksourc: ts: mak: 0ffffffffffff ax_cycles: 0x171023f09ff, max_idle_ns: 407952335 ns
[   11.1807] platform rtc_cs:egistered platform RTC device ( PNP devic found)

[   12.1593] Scanning for lw memory corrupon every 60 seconds

[   12.411200] audit: initializing netlink subsys (disabled)
[   12.424213] audit: type=2000 audit(1587747568.813:1): initialized
[   12.448335] Initialise system trusted keyring
[   12.456599] HugeTLB registered 2 MB page size, pre-allocated 0 pages
[   12497715] zbud: loaded
[   12.559437] VFS: Disk quotas dquot_6.6.0
[   12.56708] VFS: Dquot-cache hash table entries: 512 (order 0, 4096 bytes)
[   12.649696] squashfs: version 4.0 (2009/01/31) Phillip Lougher
[   12.664569] fuse init (API version 7.23)
[   12.678925] Key type big_key registered
[   12.696449] Allocating IMA MOK and blacklist keyrings.
[   12.718375] Key type asymmetric registered
[   12.722051] Asymmetric key parser 'x509' registered
[   12.745950] Block layer SCSI generic (bsg) driver version 0.4 loaded (major 249)
[   12.759924] io scheduler noop registered
[   12.762857] io scheduler deadline registered (default)
[   12.775070] io scheduler cfq registered
[   12.781776] pci_hotplug: PCI Hot Plug PCI Core version: 0.5
[   12.797925] pciehp: PCI Express Hot Plug Controller Driver version: 0.4
[   12.818595] ACPI: AC Adapter [AC] (on-line)
[   12.820964] input: Power Button as /devices/LNXSYSTM:00/LNXPWRBN:00/input/input0
[   12.850148] ACPI: Power Button [PWRF]
[   12.852329] input: Sleep Button as /devices/LNXSYSTM:00/LNXSLPBN:00/input/input1
[   12.867061] ACPI: Sleep Button [SLPF]
[   12.876835] ACPI: Battery Slot [BAT0] (battery present)
[   12.880692] GHES: HEST is not enabled!
[   12.892593] Serial 8250/16550 driver, 32 ports, IRQ saring ebled

[   12.922889] 00:02: ttyS0 at I/O 0x3f8 (irq = 4, base_baud = 115200) is a 16550A
[   13.055230] Linux agpgart interface v0.103
[   13.112006] loop: module loaded
[   13.130276] scsi host0: ata_piix
[   13.132400] scsi host1: ata_piix
[   13.138957] ata1: PATA max UDMA/33 cmd 0x1f0 ctl 0x3f6 bmdma 0xd000 irq 14
[   13.151076] ata2: PATA max UDMA/33 cmd 0x170 ctl 0x376 bmdma 0xd008 irq 15
[   13.178128] libphy: Fixed MDIO Bus: probed
[   13.181526] tun: Universal TUN/TAP device driver, 1.6
[   13.199521] tun: (C) 1999-2004 Max Krasnyansky <maxk@qualcomm.com>
[   13.223482] PPP generic driver version 2.4.2
[   13.247284] ehci_hcd: USB 2.0 'Enhanced' Host Controller (EHCI) Driver
[   13.270430] ehci-pci: EHCI PCI platform driver
[   13.288298] ehci-platform: EHCI generic platform driver
[   13.304082] ohci_hcd: USB 1.1 'Open' Host Controller (OHCI) Driver
[   13.321484] ohci-pci: OHCI PCI platform driver
[   13.333347] ohci-platform: OHCI generic platform driver
[   13.350284] uhci_hcd: USB Universal Host Controller Interface driver
[   13.370333] i8042: PNP: PS/2 Controller [PNP0303:PS2K,PNP0f03:PS2M] at 0x60,0x64 irq 1,12
[   13.400378] serio: i8042 KBD port at 0x60,0x64 irq 1
[   13.410016] serio: i8042 AUX port at 0x60,0x64 irq 12
[   13.424315] mousedev: PS/2 mouse device common for all mice
[   13.442107] rtc_cmos rtc_cmos: rtc core: registered rtc_cmos as rtc0
[   13.466507] input: AT Translated Set 2 keyboard as /devices/platform/i8042/serio0/input/input2
[   13.492257] rtc_cmos rtc_cmos: alarms up to one day, 114 bytes nvram
[   13.516147] i2c /dev entries driver
[   13.521714] device-apper: uevent: version 1.3

[   13.621971] device-mapper: ioctl: 4.34.0-ioctl (2015-10-28) initialised: dm-devel@redhat.com
[   13.649367] ledtrig-cpu: registered to indicate activity on CPUs
[   13.661064] NET: Registered protocol family 10
[   13.668242] NET: Registered protocol family 17
[   13.673816] Key type dns_resolver registered
[   13.678934] registered taskstats version 1
[   13.709009] Loading compiled-in X.509 certificates
[   13.717058] Loaded X.509 cert 'Build time autogenerated kernel key: c2b7431ed9258328a3a0cf301f850647788d8e61'
[   13.738968] zswap: loaded using pool lzo/zbud
[   13.748905] Key type trusted registered
[   13.766477] Key type encrypted registered
[   13.776824] AppArmor: AppArmor sha1 policy hashing enabled
[   13.780578] ima: No TPM chip found, activating TPM-bypass!
[   13.798481] ima: Allocated hash algorithm: sha1
[   13.803569] evm: HMAC attrs: 0x1
[   13.805935]   Magic number: 0:930:995
[   13.817133] rtc_cmos rtc_cmos: setting system clock to 2020-04-24 16:59:28 UTC (1587747568)
[   13.853766] BIOS EDD facility v0.16 2004-Jun-25, 0 devices found
[   13.892241] EDD information not available.
[   13.901538] Freeing unused kernel memory: 1488K
[   13.910963] Write protecting the kernel read-only data: 14336k
[   13.938831] Freeing unused kernel memory: 1604K
[   13.959614] Freeing unused kernel memory: 64K
Loading, please wait...
starting version 229
[   14.011429] random: systemd-udevd: uninitialized urandom read (16 bytes read, 5 bits of entropy available)
[   14.012945] random: udevadm: uninitialized urandom read (16 bytes read, 5 bits of entropy available)
[   14.012981] random: udevadm: uninitialized urandom read (16 bytes read, 5 bits of entropy available)
[   14.029336] random: udevadm: uninitialized urandom read (16 bytes read, 5 bits of entropy available)
[   14.029389] random: udevadm: uninitialized urandom read (16 bytes read, 5 bits of entropy available)
[   14.029544] random: udevadm: uninitialized urandom read (16 bytes read, 5 bits of entropy available)
[   14.029626] random: udevadm: uninitialized urandom read (16 bytes read, 5 bits of entropy available)
[   14.029717] random: udevadm: uninitialized urandom read (16 bytes read, 5 bits of entropy available)
[   14.029814] random: udevadm: uninitialized urandom read (16 bytes read, 5 bits of entropy available)
[   14.029901] random: udevadm: uninitialized urandom read (16 bytes read, 5 bits of entropy available)
[   14.317627] Fusion MPT base driver 3.04.20
[   14.321734] Copyright (c) 1999-2008 LSI Corporation
[   14.332531] e1000: Intel(R) PRO/1000 Network Driver - version 7.3.21-k8-NAPI
[   14.347319] e1000: Copyright (c) 1999-2006 Intel Corporation.
[   14.362423] Fusion MPT SPI Host driver 3.04.20
[   14.405449] AVX2 version of gcm_enc/dec engaged.
[   14.432994] AES CTR mode by8 optimization enabled
[   14.609072] input: ImExPS/2 Generic Explorer Mouse as /devices/platform/i8042/serio1/input/input4
[   15.518212] e1000 0000:00:03.0 eth0: (PCI:33MHz:32-bit) 02:90:e9:96:cf:60
[   15.557966] e1000 0000:00:03.0 eth0: Intel(R) PRO/1000 Network Connection
[   16.522118] e1000 0000:00:08.0 eth1: (PCI:33MHz:32-bit) 08:00:27:e2:35:99
[   16.566006] e1000 0000:00:08.0 eth1: Intel(R) PRO/1000 Network Connection
[   16.584254] mptbase: ioc0: Initiating bringup
[   16.586493] e1000 0000:00:03.0 enp0s3: renamed from eth0
[   16.637597] e1000 0000:00:08.0 enp0s8: renamed from eth1
[   16.712957] ioc0: LSI53C1030 A0: Capabilities={Initiator}
[   16.897036] scsi host2: ioc0: LSI53C1030 A0, FwRev=00000000h, Ports=1, MaxQ=256, IRQ=20
[   17.021992] scsi 2:0:0:0: Direct-Access     VBOX     HARDDISK         1.0  PQ: 0 ANSI: 5
[   17.494874] scsi target2:0:0: Beginning Domain Validation
[   17.648066] scsi target2:0:0: Domain Validation skipping write tests
[   17.697677] scsi target2:0:0: Ending Domain Validation
[   17.714936] scsi target2:0:0: asynchronous
[   17.912205] scsi 2:0:1:0: Direct-Access     VBOX     HARDDISK         1.0  PQ: 0 ANSI: 5
[   18.091592] scsi target2:0:1: Beginning Domain Validation
[   18.098178] scsi target2:0:1: Domain Validation skipping write tests
[   18.524071] scsi target2:0:1: Ending Domain Validation
[   18.533639] scsi target2:0:1: asynchronous
[   18.564610] sd 2:0:0:0: Attached scsi generic sg0 type 0
[   18.579553] sd 2:0:0:0: [sda] 20971520 512-byte logical blocks: (10.7 GB/10.0 GiB)
[   18.581444] sd 2:0:1:0: Attached scsi generic sg1 type 0
[   18.582767] sd 2:0:1:0: [sdb] 20480 512-byte logical blocks: (10.5 MB/10.0 MiB)
[   18.583010] sd 2:0:1:0: [sdb] Write Protect is off
[   18.583184] sd 2:0:1:0: [sdb] Incomplete mode parameter data
[   18.583186] sd 2:0:1:0: [sdb] Assuming drive cache: write through
[   18.595027] sd 2:0:1:0: [sdb] Attached SCSI disk
[   18.714482] sd 2:0:0:0: [sda] Write Protect is off
[   18.747154] sd 2:0:0:0: [sda] Incomplete mode parameter data
[   18.750382] sd 2:0:0:0: [sda] Assuming drive cache: write through
[   18.764142]  sda: sda1
[   18.773606] sd 2:0:0:0: [sda] Attached SCSI disk
Begin: Loading essential drivers ... [   20.636556] md: linear personality registered for level -1
[   20.653132] md: multipath personality registered for level -4
[   20.668572] md: raid0 personality registered for level 0
[   20.690067] md: raid1 personality registered for level 1
[   20.772417] raid6: sse2x1   gen()  4974 MB/s
[   20.872395] raid6: sse2x1   xor()  3541 MB/s
[   20.956641] raid6: sse2x2   gen()  4255 MB/s
[   21.032445] raid6: sse2x2   xor()  3555 MB/s
[   21.113503] raid6: sse2x4   gen()  6368 MB/s
[   21.188890] raid6: sse2x4   xor()  4453 MB/s
[   21.256599] raid6: avx2x1   gen()  8867 MB/s
[   21.324636] raid6: avx2x2   gen()  9317 MB/s
[   21.392702] raid6: avx2x4   gen() 11172 MB/s
[   21.405504] raid6: using algorithm avx2x4 gen() 11172 MB/s
[   21.413644] raid6: using avx2x2 recovery algorithm
[   21.430417] xor: automatically using best checksumming function:
[   21.504674]    avx       : 17086.000 MB/sec
[   21.524254] async_tx: api initialized (async)
[   21.566981] md: raid6 personality registered for level 6
[   21.594958] md: raid5 personality registered for level 5
[   21.603783] md: raid4 personality registered for level 4
[   21.629751] md: raid10 personality registered for level 10
done.
Begin: Running /scripts/init-premount ... done.
Begin: Mounting root file system ... Begin: Running /scripts/local-top ... done.
Begin: Running /scripts/local-premount ... [   21.783953] Btrfs loaded
Scanning for Btrfs filesystems
done.
Warning: fsck no[   21.954782] EXT4-fs (sda1): mounted filesystem with ordered data mode. Opts: (null)
t present, so skipping root file system
done.
Begin: Running /scripts/local-bottom ... done.
Begin: Running /scripts/init-bottom ... done.
[   22.573455] systemd[1]: systemd 229 running in system mode. (+PAM +AUDIT +SELINUX +IMA +APPARMOR +SMACK +SYSVINIT +UTMP +LIBCRYPTSETUP +GCRYPT +GNUTLS +ACL +XZ -LZ4 +SECCOMP +BLKID +ELFUTILS +KMOD -IDN)
[   22.605700] systemd[1]: Detected virtualization oracle.
[   22.619021] systemd[1]: Detected architecture x86-64.

Welcome to [1mUbuntu 16.04.6 LTS[0m!

[   22.642630] systemd[1]: Set hostname to <ubuntu>.
[   22.677879] systemd[1]: Initializing machine ID from random generator.
[   22.707465] systemd[1]: Installed transient /etc/machine-id file.
[   22.971022] random: nonblocking pool is initialized
[   23.740337] systemd[1]: Started Trigger resolvconf update for networkd DNS.
[[0;32m  OK  [0m] Started Trigger resolvconf update for networkd DNS.
[   23.750022] systemd[1]: Reached target System Time Synchronized.
[[0;32m  OK  [0m] Reached target System Time Synchronized.
[   23.766042] systemd[1]: Created slice User and Session Slice.
[[0;32m  OK  [0m] Created slice User and Session Slice.
[   23.786609] systemd[1]: Listening on LVM2 poll daemon socket.
[[0;32m  OK  [0m] Listening on LVM2 poll daemon socket.
[   23.802156] systemd[1]: Created slice System Slice.
[[0;32m  OK  [0m] Created slice System Slice.
[   23.881203] systemd[1]: Reached target Swap.
[[0;32m  OK  [0m] Reached target Swap.
[   23.953174] systemd[1]: Reached target User and Group Name Lookups.
[[0;32m  OK  [0m] Reached target User and Group Name Lookups.
[   24.124652] systemd[1]: Listening on /dev/initctl Compatibility Named Pipe.
[[0;32m  OK  [0m] Listening on /dev/initctl Compatibility Named Pipe.
[   24.240109] systemd[1]: Listening on Syslog Socket.
[[0;32m  OK  [0m] Listening on Syslog Socket.
[   24.251093] systemd[1]: Listening on Device-mapper event daemon FIFOs.
[[0;32m  OK  [0m] Listening on Device-mapper event daemon FIFOs.
[   24.323605] systemd[1]: Reached target Encrypted Volumes.
[[0;32m  OK  [0m] Reached target Encrypted Volumes.
[   24.678058] systemd[1]: Listening on udev Control Socket.
[[0;32m  OK  [0m] Listening on udev Control Socket.
[   24.848140] systemd[1]: Created slice system-serial\x2dgetty.slice.
[[0;32m  OK  [0m] Created slice system-serial\x2dgetty.slice.
[   24.901989] systemd[1]: Listening on LVM2 metadata daemon socket.
[[0;32m  OK  [0m] Listening on LVM2 metadata daemon socket.
[   25.040745] systemd[1]: Listening on udev Kernel Socket.
[[0;32m  OK  [0m] Listening on udev Kernel Socket.
[   25.203266] systemd[1]: Set up automount Arbitrary Executable File Formats File System Automount Point.
[[0;32m  OK  [0m] Set up automount Arbitrary Executab...ats File System Automount Point.
[   25.337422] systemd[1]: Started Forward Password Requests to Wall Directory Watch.
[[0;32m  OK  [0m] Started Forward Password Requests to Wall Directory Watch.
[   25.476667] systemd[1]: Listening on Journal Audit Socket.
[[0;32m  OK  [0m] Listening on Journal Audit Socket.
[   25.547610] systemd[1]: Listening on Journal Socket.
[[0;32m  OK  [0m] Listening on Journal Socket.
[   25.802610] systemd[1]: Starting Monitoring of LVM2 mirrors, snapshots etc. using dmeventd or progress polling...
         Starting Monitoring of LVM2 mirrors... dmeventd or progress polling...
[   26.016299] systemd[1]: Starting Create list of required static device nodes for the current kernel...
         Starting Create list of required st... nodes for the current kernel...
[   26.117514] systemd[1]: Starting Set console keymap...
         Starting Set console keymap...
[   26.197793] systemd[1]: Mounting Huge Pages File System...
         Mounting Huge Pages File System...
[   26.550239] systemd[1]: Mounting POSIX Message Queue File System...
         Mounting POSIX Message Queue File System...
[   26.837229] systemd[1]: Mounting Debug File System...
         Mounting Debug File System...
[   27.067843] systemd[1]: Starting Remount Root and Kernel File Systems...
[   27.211945] EXT4-fs (sda1): re-mounted. Opts: (null)
         Starting Remount Root and Kernel File Systems...
[   27.232605] systemd[1]: Starting Nameserver information manager...
         Starting Nameserver information manager...
[   27.258226] systemd[1]: Reached target Slices.
[[0;32m  OK  [0m] Reached target Slices.
[   27.431078] systemd[1]: Starting Load Kernel Modules...
         Starting Load Kernel Modules...
[   27.574115] systemd[1]: Listening on Journal Socket (/dev/log).
[[0;32m  OK  [0m] Listening on Journal Socket ([   27.851107] Loading iSCSI transport class v2.0-870.
/dev/log).
[   28.090209] systemd[1]: Starting Journal Service...
[   28.099321] iscsi: registered transport (tcp)
         Starting Journal Service...
[   28.141314] systemd[1]: Starting Uncomplicated firewall...
         Starting Uncomplicated firewall...
[   28.258590] systemd[1]: Mounted POSIX Message Queue File System.
[[0;32m  OK  [0m] Mounted POSIX Message Queue File System.
[   28.592988] systemd[1]: Mounted Huge Pages File System.
[[0;32m  OK  [0m] Mounted Huge Pages File System.
[   28.667042] systemd[1]: Mounted Debug File System.
[[0;32m  OK  [0m] Mounted Debug File System.
[   28.678882] systemd[1]: Started Journal Service.
[[0;32m  OK  [0m] Started Journal Service.
[[0;32m  OK  [0m] Started Create list of required sta...ce nodes for the current kernel.
[[0;32m  OK  [0m] Started Set console keymap.
[[0;32m  OK  [0m] Started Remount Root and Kernel File Systems.
[   28.790622] iscsi: registered transport (iser)
[[0;32m  OK  [0m] Started Uncomplicated firewall.
[[0;32m  OK  [0m] Started Load Kernel Modules.
[[0;32m  OK  [0m] Started Nameserver information manager.
[[0;32m  OK  [0m] Started LVM2 metadata daemon.
         Starting Apply Kernel Variables...
         Mounting FUSE Control File System...
         Starting udev Coldplug all Devices...
         Starting Load/Save Random Seed...
         Starting Create Static Device Nodes in /dev...
         Starting Flush Journal to Persistent Storage...
[[0;32m  OK  [0m] Mounted FUSE Control File System.
[[0;32m  OK  [0m] Started Monitoring of LVM2 mirrors,...ng dmeventd or progress polling.
[[0;32m  OK  [0m] Started Apply Kernel Variables.
[[0;32m  OK  [0m] Started Load/Save Random Seed.
[[0;32m  OK  [0m] Started Create Static Device Nodes in /dev.
         Starting udev Kernel Device Manager...
[[0;32m  OK  [0m] Reached target Local File Systems (Pre).
[[0;32m  OK  [0m] Reached target Local File Systems.
         Starting Set console font and keymap...
         Starting Tell Plymouth To Write Out Runtime Data...
         Starting Initial cloud-init job (pre-networking)...
         Starting LSB: AppArmor initialization...
         Starting Commit a transient machine-id on disk...
[[0;32m  OK  [0m] Started udev Kernel Device Manager.
[[0;32m  OK  [0m] Started Flush Journal to Persistent Storage.
[[0;32m  OK  [0m] Started udev Coldplug all Devices.
[[0;32m  OK  [0m] Started Tell Plymouth To Write Out Runtime Data.
[[0;32m  OK  [0m] Started Commit a transient machine-id on disk.
         Starting Create Volatile Files and Directories...
[[0;32m  OK  [0m] Started Dispatch Password Requests to Console Directory Watch.
[[0;32m  OK  [0m] Started Create Volatile Files and Directories.
[[0;32m  OK  [0m] Found device /dev/ttyS0.
         Starting Update UTMP about System Boot/Shutdown...
[[0;32m  OK  [0m] Listening on Load/Save RF Kill Switch Status /dev/rfkill Watch.
[[0;32m  OK  [0m] Started Update UTMP about System Boot/Shutdown.
[[0;32m  OK  [0m] Started Set console font and keymap.
[[0;32m  OK  [0m] Created slice system-getty.slice.
[[0;32m  OK  [0m] Started LSB: AppArmor initialization.
[   26.789065] cloud-init[495]: Cloud-init v. 19.4-33-gbb4131a2-0ubuntu1~16.04.1 running 'init-local' at Fri, 24 Apr 2020 16:59:49 +0000. Up 25.65 seconds.
[[0;32m  OK  [0m] Started Initial cloud-init job (pre-networking).
[[0;32m  OK  [0m] Reached target Network (Pre).
         Starting Raise network interfaces...
[[0;32m  OK  [0m] Started Raise network interfaces.
         Starting Initial cloud-init job (metadata service crawler)...
[[0;32m  OK  [0m] Reached target Network.
[   30.005601] cloud-init[964]: Cloud-init v. 19.4-33-gbb4131a2-0ubuntu1~16.04.1 running 'init' at Fri, 24 Apr 2020 16:59:52 +0000. Up 28.73 seconds.
[   30.088864] cloud-init[964]: ci-info: ++++++++++++++++++++++++++++++++++++++Net device info+++++++++++++++++++++++++++++++++++++++
[[0;32m  OK  [0m] Started Initial cloud-init job (metadata service crawler).
[[0;32m  OK  [0m] Reached target System Initialization.
         Starting Socket activation for snappy daemon.
[[0;32m  OK  [0m] Listening on UUID daemon activation socket.
[   30.283057] cloud-init[964]: ci-info: +--------+-------+----------------------------+---------------+--------+-------------------+
[   30.329430] [[0;32m  OK  [0m] Started ACPI Events Check.
[[0;32m  OK  [0m] Reached target Paths.
cloud-init[964]: ci-info: | Device |   Up  |          Address           |      Mask     | Scope  |     Hw-Address    |
[   30.509845] cloud-init[964]: ci-info: +--------+-------+----------------------------+---------------+--------+-------------------+
         Starting LXD - unix socket.
[[0;32m  OK  [0m] Listening on D-Bus System Message Bus Socket.
[[0;32m  OK  [0m] Started Message of the Day.
[[0;32m  OK  [0m] Started Daily apt download activities.
[[0;32m  OK  [0m] Listening on ACPID Listen Socket.
[[0;32m  OK  [0m] Started Daily Cleanup of Temporary Directories.
[[0;32m  OK  [0m] Started Daily apt upgrade and clean activities.
[[0;32m  OK  [0m] Reached target Timers.
[[0;32m  OK  [0m] Reached target Network is Online.
[   30.613385] cloud-init[964]: ci-info: | enp0s3 |  True |         10.0.2.15          | 255.255.255.0 | global | 02:90:e9:96:cf:60 |
         Starting iSCSI initiator daemon (iscsid)...
[   30.902627] [cloud-init[0;32m  OK  [0m[964]: ] ci-info: | enp0s3 |  True | fe80::90:e9ff:fe96:cf60/64 |       .       |  link  | 02:90:e9:96:cf:60 |Reached target Cloud-config availability.

[[0;32m  OK  [0m] Listening on Socket activation for snappy daemon.
[   31.033260] cloud-init[964]: ci-info: | enp0s8 | False |             .              |       .       |   .    | 08:00:27:e2:35:99 |
[[0;32m  OK  [0m] Listening on LXD - unix socket.
[   31.159431] cloud-init[964]: ci-info: |   lo   |  True |         127.0.0.1          |   255.0.0.0   |  host  |         .         |
[   31.278395] cloud-init[964]: ci-info: |   lo   |  True |          ::1/128           |       .       |  host  |         .         |
[[0;32m  OK  [0m] Reached target Sockets.
[[0;32m  OK  [0m] Reached target Basic System.
[   31.416569] cloud-init[964]: ci-info: +--------+-------+----------------------------+---------------+--------+-------------------+
         Starting Pollinate to seed the pseudo random number generator...
[   31.418040] cloud-init[964]: ci-info: +++++++++++++++++++++++++++Route IPv4 info++++++++++++++++++++++++++++
[[0;32m  OK  [0m] Started FUSE filesystem for LXC.
[   31.532714] cloud-init[964]: ci-info: +-------+-------------+----------+---------------+-----------+-------+
[[0;32m  OK  [0m] Started Regular background program processing daemon.
[   31.607189] cloud-init[964]: ci-info: | Route | Destination | Gateway  |    Genmask    | Interface | Flags |
[   31.885288] cloud-init[964]: ci-info: +-------+-------------+----------+---------------+-----------+-------+
[   31.886318] cloud-init[964]: ci-info: |   0   |   0.0.0.0   | 10.0.2.2 |    0.0.0.0    |   enp0s3  |   UG  |
[   31.886433] cloud-init[964]: ci-info: |   1   |   10.0.2.0  | 0.0.0.0  | 255.255.255.0 |   enp0s3  |   U   |
[   31.886507] cloud-init[964]: ci-info: +-------+-------------+----------+---------------+-----------+-------+
[   31.886573] cloud-init[964]: ci-info: +++++++++++++++++++Route IPv6 info+++++++++++++++++++
[   31.886646] cloud-init[964]: ci-info: +-------+-------------+---------+-----------+-------+
[   31.886731] cloud-init[964]: ci-info: | Route | Destination | Gateway | Interface | Flags |
[   31.886799] cloud-init[964]: ci-info: +-------+-------------+---------+-----------+-------+
[   31.886865] cloud-init[964]: ci-info: |   0   |  fe80::/64  |    ::   |   enp0s3  |   U   |
[   31.887652] cloud-init[964]: ci-info: |   3   |   ff00::/8  |    ::   |   enp0s3  |   U   |
[   31.887729] cloud-init[964]: ci-info: +-------+-------------+---------+-----------+-------+
[   31.887772] cloud-init[964]: Generating public/private rsa key pair.
[   31.887814] cloud-init[964]: Your identification has been saved in /etc/ssh/ssh_host_rsa_key.
[   31.887937] cloud-init[964]: Your public key has been saved in /etc/ssh/ssh_host_rsa_key.pub.
[   31.888054] cloud-init[964]: The key fingerprint is:
[   31.888128] cloud-init[964]: SHA256:iWRUo7PfXMM8PGq7YVERAXnCHN/+WdpKe7XqJPhdgNE root@ubuntu-xenial
[   31.888194] cloud-init[964]: The key's randomart image is:
[   31.888262] cloud-init[964]: +---[RSA 2048]----+
[[0;32m  OK  [0m] Started ACPI event daemon.
[   31.888701] cloud-init[964]: |      ..ooo++o   |
[   32.753294] cloud-init[964]: |     . . .=.oo   |
[   32.778684]          Starting /etc/rc.local Compatibility...
cloud-init[964]: |      =    +oE.  |
         Starting Snappy daemon...
[   32.829332] cloud-init[964]: |     o + . =o.   |
[[0;32m  OK  [0m] Started Deferred execution scheduler.
[   32.929219] cloud-init[964]: |      o S ..O.. .|
[   33.026052] cloud-init[964]: |       . o.+ +.++|
         Starting LXD - container startup/shutdown...
[   33.054696] cloud-init[964]: |        ..B. .oo=|
[   33.094936] [[0;32m  OK  [0m] Started D-Bus System Message Bus.
cloud-init[964]: |         o.o+..+.|
[   33.161460] cloud-init[964]: |          oo.++. |
[   33.176978] cloud-init[964]: +----[SHA256]-----+
[   33.204231] cloud-init[964]: Generating public/private dsa key pair.
[   33.244610] cloud-init[964]: Your identification has been saved in /etc/ssh/ssh_host_dsa_key.
[   33.345222]          cloud-initStarting LSB: MD monitoring daemon...[964]: 
Your public key has been saved in /etc/ssh/ssh_host_dsa_key.pub.
         Starting System Logging Service...
[   33.412762] cloud-init[964]: The key fingerprint is:
         Starting Virtualbox guest utils...
[   33.458466] cloud-init[964]: SHA256:EDpLisTQFLXZtmBHcxrUsKEobn4iDFmzx6FCmzpzkcA root@ubuntu-xenial
[   33.493323] cloud-init[964]: The key's randomart image is:
         Starting Accounts Service...
         Starting Login Service...
[   33.547328] cloud-init[964]: +---[DSA 1024]----+
[   33.633760] cloud-init[964]:          |.ooo..Oo.        |
[   33.659465] cloud-init[964]: |+ .. B O.        |
[   33.659667] cloud-initStarting LSB: Record successful boot for GRUB...
[964]: |oE+ @ B          |
[   33.742917] cloud-init[964]: |+*oX B o         |
[   33.781789] cloud-init[964]: |==* + . S        |
[   33.782109] cloud-init[[0;32m  OK  [0m] Started System Logging Service.
[[0;32m  OK  [0m] Started iSCSI initiator daemon (iscsid).
[[964]: |*. o             |
[0;32m  OK  [0m] Started Pollinate to seed the pseudo random number generator.
[   33.828884] [cloud-init[0;32m  OK  [0m[964]: ] |=+..             |Started /etc/rc.local Compatibility.

[   33.972811] [cloud-init[0;32m  OK  [0m[964]: ] |.+o              |Started LXD - container startup/shutdown.

[   33.974071] cloud-init[964]: |                 |
[   34.033811] cloud-init[964]: +----[SHA256]-----+
[[0;32m  OK  [0m] Started Login Service.
[   34.081862] cloud-init[964]: Generating public/private ecdsa key pair.
[[0;32m  OK  [0m] Started Unattended Upgrades Shutdown.
[   34.164610]          Starting Authenticate and Authorize Users to Run Privileged Tasks...
cloud-init[964]: Your identification has been saved in /etc/ssh/ssh_host_ecdsa_key.
         Starting OpenBSD Secure Shell server...
[   34.230645] cloud-init[964]: Your public key has been saved in /etc/ssh/ssh_host_ecdsa_key.pub.
[   34.427713]          cloud-initStarting Login to default iSCSI targets...[964]: 
The key fingerprint is:
[   34.429149] cloud-init[964]: SHA256:HkAp4Q9absJ9CLQDuMdTfdIT4YC1Cl8K+OyaKf98wWg root@ubuntu-xenial
[   34.875999] cloud-init[964]: The key's randomart image is:
[   34.896658] cloud-init[964]: +---[ECDSA 256]---+
[[0;32m  OK  [0m] Started Snappy daemon.
[   34.896825] [cloud-init[0;32m  OK  [0m[964]: ] |o . .=+ooo       |Started LSB: MD monitoring daemon.

[[0;32m  OK  [0m[   34.944396] cloud-init[964]: |.+ o+.+++        |
] Started Virtualbox guest utils.
[[0;32m  OK  [0m] Started LSB: Record successful boot for GRUB.
[   34.968565] cloud-init[964]: |.o*.+.+o..       |
[   35.150364] cloud-init[964]: |.++@ B .         |
[[0;32m  OK  [0m] Started Authenticate and Authorize Users to Run Privileged Tasks.
[[0;32m  OK  [0m] Started OpenBSD Secure Shell server.
[   35.186944] cloud-init[[0;32m  OK  [0m] Started Accounts Service.
[964]: | .*.Ooo S        |
[   35.215167] cloud-init[964]: | . oE.o. .       |
[   35.232399]          cloud-initStarting Wait until snapd is fully seeded...[964]: 
|  ..   ..        |
[[0;32m  OK  [0m] Started Login to default iSCSI targets.
[[0;32m  OK  [0m] Reached target Remote File Systems (Pre).
[[0;32m  OK  [0m] Reached target Remote File Systems.[   35.359770] 
cloud-init[964]: |.+ .  .          |
[   35.398075] cloud-init[964]: |=...o.           |
[   35.407358] cloud-init[964]:          Starting LSB: daemon to balance interrupts for SMP systems...
         Starting Permit User Sessions...
         Starting LSB: Set the CPU Frequency Scaling governor to "ondemand"...
+----[SHA256]-----+
[   35.463446]          Starting LSB: automatic crash report generation...
cloud-init[964]: Generating public/private ed25519 key pair.
[   35.496899] [[0;32m  OK  [0m] Started Permit User Sessions.
cloud-init[964]: Your identification has been saved in /etc/ssh/ssh_host_ed25519_key.
         Starting Hold until boot process finishes up...
[   35.558624] cloud-init[964]: Your public key has been saved in /etc/ssh/ssh_host_ed25519_key.pub.
[   35.587418] cloud-init[964]: The key fingerprint is:
         Starting Terminate Plymouth Boot Screen...
[   35.598002] [[0;32m  OK  [0m] Started LSB: daemon to balance interrupts for SMP systems.
[[0;32m  OK  [0m] Started LSB: Set the CPU Frequency Scaling governor to "ondemand".
cloud-init[964]: SHA256:r5JfJkeqDhbKHgQ8r2DFAFbq1mPtw3R7WgwrdHTQZ90 root@ubuntu-xenial
[[0;32m  OK  [0m] Started LSB: automatic crash report generation.
[   35.735889] cloud-init[964]: The key's randomart image is:
[[   35.752843] cloud-init[964]: +--[ED25519 256]--+
[   35.761733] cloud-init[964]: |oo..   ..   . .  |
[   35.761900] cloud-init[964]: |o +     .. o . E |
[0;32m  OK  [0m] Started Hold until boot process finishes up.
[[0;32m  OK  [0m] Started Terminate Plymouth Boot Screen.
[   35.762586] cloud-init[964]: |.+ o   . .o      |
[   35.836078] cloud-init[964]: |..= . . .        |
[   35.847693] cloud-init[964]: |.+.=.+ +S .      |
[   35.882589] cloud-init[964]: |+oo.*.o =+       |
[[0;32m  OK  [0m] Started Serial Getty on ttyS0.
[   35.886293] cloud-init[964]: | .+ o= +o+=      |
         Starting Set console scheme...
[   36.112964] cloud-init[964]: | . o .=.+*       |
[   36.132837] cloud-init[964]: |  .  .o+o        |
[   36.147339] [[0;32m  OK  [0m] Started Getty on tty1.
cloud-init[964]: +----[SHA256]-----+
[[0;32m  OK  [0m] Reached target Login Prompts.
[[0;32m  OK  [0m] Started Set console scheme.
[[0;32m  OK  [0m] Started Wait until snapd is fully seeded.
[[0;32m  OK  [0m] Reached target Multi-User System.
[[0;32m  OK  [0m] Reached target Graphical Interface.
         Starting Update UTMP about System Runlevel Changes...
         Starting Apply the settings specified in cloud-config...
[[0;32m  OK  [0m] Started Update UTMP about System Runlevel Changes.
[   37.876146] cloud-init[1338]: Generating locales (this might take a while)...
[   40.030653] cloud-init[1338]:   en_US.UTF-8... done
[   40.040987] cloud-init[1338]: Generation complete.
[   41.304582] cloud-init[1338]: Cloud-init v. 19.4-33-gbb4131a2-0ubuntu1~16.04.1 running 'modules:config' at Fri, 24 Apr 2020 17:00:01 +0000. Up 37.65 seconds.

Ubuntu 16.04.6 LTS ubuntu-xenial ttyS0

ubuntu-xenial login: ci-info: no authorized SSH keys fingerprints found for user ubuntu.
<14>Apr 24 17:00:06 ec2: 
<14>Apr 24 17:00:06 ec2: #############################################################
<14>Apr 24 17:00:06 ec2: -----BEGIN SSH HOST KEY FINGERPRINTS-----
<14>Apr 24 17:00:06 ec2: 1024 SHA256:EDpLisTQFLXZtmBHcxrUsKEobn4iDFmzx6FCmzpzkcA root@ubuntu-xenial (DSA)
<14>Apr 24 17:00:06 ec2: 256 SHA256:HkAp4Q9absJ9CLQDuMdTfdIT4YC1Cl8K+OyaKf98wWg root@ubuntu-xenial (ECDSA)
<14>Apr 24 17:00:06 ec2: 256 SHA256:r5JfJkeqDhbKHgQ8r2DFAFbq1mPtw3R7WgwrdHTQZ90 root@ubuntu-xenial (ED25519)
<14>Apr 24 17:00:06 ec2: 2048 SHA256:iWRUo7PfXMM8PGq7YVERAXnCHN/+WdpKe7XqJPhdgNE root@ubuntu-xenial (RSA)
<14>Apr 24 17:00:06 ec2: -----END SSH HOST KEY FINGERPRINTS-----
<14>Apr 24 17:00:06 ec2: #############################################################
-----BEGIN SSH HOST KEY KEYS-----
ecdsa-sha2-nistp256 AAAAE2VjZHNhLXNoYTItbmlzdHAyNTYAAAAIbmlzdHAyNTYAAABBBDhQXVkosPtrQHf8QchgZHI3xGVVw4ggeNgi43eZQet6J0LN9n9DnGKBM7TLVpBZWe2CcF9oJgzXBh8JCU+w3v4= root@ubuntu-xenial
ssh-ed25519 AAAAC3NzaC1lZDI1NTE5AAAAIPiIHUu1Pv0hL+jo8fs05MGvJIMvLKc7xZ7lUdIINhhD root@ubuntu-xenial
ssh-rsa AAAAB3NzaC1yc2EAAAADAQABAAABAQC4WRZ554UH0TcoYaHs0hIMDl/HNDmHb5n2+MZ3yjBS72PRObPf7YH4boTHJsFe4wjb5jMZYtJ/xqSDYx4m3sry6moQgj4hUj5RelL8TioA5KUPpz94g6qRaxQ/ONKSEjP87MvzlrtxX489tVzGZK7gh1TSjxe8UnX6zoHsDrnb2onM350UxC2czaYBUUPvdtlAACVk8f+EAhnuSe288W1olEz5OKwtMck2o/CFIdbEYnAXwLEv6YWjskmM8faPjhAa9+fSq5+IKbaPujbxMcQ4OWRNONWPjumZjlIerYliXYoXuj2u1FpFw6reFISabYO1992XuSdwDpkqRk+aNGOV root@ubuntu-xenial
-----END SSH HOST KEY KEYS-----
[   42.405922] cloud-init[1385]: Cloud-init v. 19.4-33-gbb4131a2-0ubuntu1~16.04.1 running 'modules:final' at Fri, 24 Apr 2020 17:00:05 +0000. Up 42.05 seconds.
[   42.406406] cloud-init[1385]: ci-info: no authorized SSH keys fingerprints found for user ubuntu.
[   42.406925] cloud-init[1385]: Cloud-init v. 19.4-33-gbb4131a2-0ubuntu1~16.04.1 finished at Fri, 24 Apr 2020 17:00:06 +0000. Datasource DataSourceNoCloud [seed=/dev/sdb][dsmode=net].  Up 42.38 seconds
